ASxxxx Assembler V05.00  (LH 5801), page 1.
Hexidecimal [16-Bits]



                              1 ;--------------------------------------------------------
                              2 ; Extract from PC 1500 Technical Reference.pdf
                              3 ;--------------------------------------------------------
                              4 	.module reverse
                              5 	
                              6 ;--------------------------------------------------------
                              7 ; code
                              8 ;--------------------------------------------------------
                              9 	.area	CODE
   0000 68 78         [ 6]   10 	ldi uh, 0x78
   0002 6A 4D         [ 6]   11 	ldi ul, 0x4d
   0004 FD 62         [ 9]   12 	dec uh
   0006 25            [ 6]   13 	lda (u)
   0007 BD FF         [ 7]   14 	eai 0xff
   0009 2E            [ 6]   15 	sta (u)
   000A 88 06                16 	lop 0x06
   000C 6C 77         [ 7]   17 	cpi uh, 0x77
   000E 93 0E                18 	bcs -0x0e
   0010 9A            [11]   19 	rtn
