ASxxxx Assembler V05.00  (Zilog Z80 / Hitachi HD64180), page 1.
Hexidecimal [16-Bits]



                              1 ;--------------------------------------------------------
                              2 ; Extract from PC 1500 Technical Reference.pdf
                              3 ;--------------------------------------------------------
                              4 	.module reverse
                              5 	
                              6 ;--------------------------------------------------------
                              7 ; code
                              8 ;--------------------------------------------------------
                              9 	.area	CODE
   0000 68 78         [ 4]   10 	ld h, 0x78
   0002 6A 4D         [ 4]   11 	ld l, 0x4d
   0004 FD 62                12 	dec h
   0006 25            [ 4]   13 	ld a,(hl)
   0007 BD FF         [ 4]   14 	xor a, 0xff
   0009 2E            [ 7]   15 	ld (hl),a
   000A 88 06         [ 4]   16 	djl -0x06
   000C 6C 77         [ 4]   17 	cp h, 0x77
   000E 93 0E         [ 4]   18 	jr c,-0x0e
   0010 9A            [ 4]   19 	ret
