ASxxxx Assembler V05.00  (LH 5801), page 1.
Hexidecimal [16-Bits]



                              1 ;--------------------------------------------------------
                              2 ; Extract from PC 1500 Technical Reference.pdf
                              3 ;--------------------------------------------------------
                              4 	.module shiftRight
                              5 	
                              6 ;--------------------------------------------------------
                              7 ; code
                              8 ;--------------------------------------------------------
                              9 	.area	CODE
   0000                      10 shiftRight:
   0000 FD 88         [14]   11 	psh x
   0002 FD 98         [14]   12 	psh y
   0004 FD A8         [14]   13 	psh u
   0006 A5 77 4C      [12]   14 	lda 0x774c
   0009 F1            [ 6]   15 	aex
   000A B9 F0         [ 7]   16 	ani a,0xf0
   000C 0A            [ 5]   17 	sta xl
   000D A5 77 4D      [12]   18 	lda 0x774d
   0010 F1            [ 6]   19 	aex
   0011 B9 F0         [ 7]   20 	ani a, 0xf0
   0013 08            [ 5]   21 	sta xh
   0014 68 75         [ 6]   22 	ldi uh, 0x75
   0016 6A FF         [ 6]   23 	ldi ul, 0xff
   0018 64            [ 5]   24 	inc u
   0019 65            [ 6]   25 	lin u
   001A 1A            [ 5]   26 	sta yl
   001B 25            [ 6]   27 	lda (u)
   001C 18            [ 5]   28 	sta yh
   001D 84            [ 5]   29 	lda xh
   001E 63            [ 6]   30 	sde u
   001F 04            [ 5]   31 	lda xl
   0020 61            [ 6]   32 	sin u
   0021 FD 18                33 	ldx y
   0023 6E 4D         [ 7]   34 	cpi ul, 0x4d
   0025 91 0F                35 	bcr -0x0f
   0027 6C 77         [ 7]   36 	cpi uh, 0x77
   0029 91 15                37 	bcr -0x15
   002B 64            [ 5]   38 	inc u
   002C 04            [ 5]   39 	lda xl
   002D F1            [ 6]   40 	aex
   002E 61            [ 6]   41 	sin u
   002F 84            [ 5]   42 	lda xh
   0030 F1            [ 6]   43 	aex
   0031 2E            [ 6]   44 	sta (u)
   0032 FD 2A         [15]   45 	pop u
   0034 FD 1A         [15]   46 	pop y
   0036 FD 0A         [15]   47 	pop x
   0038 F9            [ 4]   48 	rec
   0039 9A            [11]   49 	rtn
