ASxxxx Assembler V05.00  (LH 5801), page 1.
Hexidecimal [16-Bits]



                              1 ;--------------------------------------------------------
                              2 ; Extract from PC 1500 Technical Reference.pdf
                              3 ;--------------------------------------------------------
                              4 	.module using
                              5 	
                              6 ;--------------------------------------------------------
                              7 ; code
                              8 ;--------------------------------------------------------
                              9 	.area	CODE
   0000 48 79         [ 6]   10 	ldi xh, 0x79
   0002 4A 00         [ 6]   11 	ldi xl, 0x00
   0004 58 7A         [ 6]   12 	ldi yh, 0x7a
   0006 BE F7 3F      [19]   13 	sjp 0xf73f
   0009 B5 01         [ 6]   14 	ldi a, 0x01
   000B CD 96         [20]   15 	vmj 0x96
   000D DF            [ 5]   16 	dec a
   000E 2A            [ 5]   17 	sta ul
   000F 58 78         [ 6]   18 	ldi yh, 0x78
   0011 5A C0         [ 6]   19 	ldi yl, 0xc0
   0013 F5            [ 7]   20 	tin
   0014 88 03                21 	lop 0x03
   0016 14            [ 5]   22 	lda yl
   0017 B9 0F         [ 7]   23 	ani a, 0x0f
   0019 9B 02                24 	bzs -0x02
   001B 59 00         [13]   25 	ani (y), 0x00
   001D 9A            [11]   26 	rtn
